// Jest Snapshot v1, https://goo.gl/fbAQLP

exports[`OptionsEditor should match snapshot 1`] = `
<div
  className="columns"
>
  <div
    className="column is-half"
  >
    <OptionsAce
      lang="pt"
      options={
        Object {
          "height": "500px",
        }
      }
      update={[Function]}
    />
  </div>
</div>
`;
